// Jest Snapshot v1, https://goo.gl/fbAQLP

exports[`HomeScreen renders without crashing 1`] = `
<RNCSafeAreaView
  edges={
    {
      "bottom": "additive",
      "left": "additive",
      "right": "additive",
      "top": "additive",
    }
  }
  style={
    [
      {
        "alignItems": "center",
        "backgroundColor": "#DC0A2D",
        "flex": 1,
        "justifyContent": "center",
      },
    ]
  }
>
  <View
    style={
      {
        "alignItems": "center",
        "flex": 1,
        "flexDirection": "row",
        "gap": 16,
        "justifyContent": "center",
      }
    }
  >
    <Image
      source={
        {
          "testUri": "../../../src/assets/images/pokeball.png",
        }
      }
    />
    <Text
      style={
        {
          "color": "#fff",
          "fontSize": 32,
          "fontWeight": "bold",
        }
      }
    >
      appName
    </Text>
  </View>
  <View
    style={
      {
        "alignItems": "stretch",
        "flex": 1,
        "gap": 20,
        "justifyContent": "center",
        "width": "80%",
      }
    }
  >
    <View
      accessibilityValue={
        {
          "max": undefined,
          "min": undefined,
          "now": undefined,
          "text": undefined,
        }
      }
      accessible={true}
      focusable={true}
      onClick={[Function]}
      onResponderGrant={[Function]}
      onResponderMove={[Function]}
      onResponderRelease={[Function]}
      onResponderTerminate={[Function]}
      onResponderTerminationRequest={[Function]}
      onStartShouldSetResponder={[Function]}
      style={
        [
          {
            "alignItems": "center",
            "backgroundColor": "#DC0A2D",
            "borderColor": "#E0E0E0",
            "borderRadius": 6,
            "borderWidth": 1,
            "justifyContent": "center",
            "padding": 10,
          },
          undefined,
        ]
      }
      testID="primaryButtonscreens.home.emailLogin"
    >
      <Text
        style={
          {
            "color": "#fff",
            "fontSize": 16,
            "fontWeight": "bold",
          }
        }
      >
        screens.home.emailLogin
      </Text>
    </View>
    <View
      accessibilityState={
        {
          "busy": undefined,
          "checked": undefined,
          "disabled": undefined,
          "expanded": undefined,
          "selected": undefined,
        }
      }
      accessibilityValue={
        {
          "max": undefined,
          "min": undefined,
          "now": undefined,
          "text": undefined,
        }
      }
      accessible={true}
      collapsable={false}
      focusable={true}
      onClick={[Function]}
      onResponderGrant={[Function]}
      onResponderMove={[Function]}
      onResponderRelease={[Function]}
      onResponderTerminate={[Function]}
      onResponderTerminationRequest={[Function]}
      onStartShouldSetResponder={[Function]}
      style={
        {
          "alignItems": "center",
          "justifyContent": "center",
          "opacity": 1,
        }
      }
    >
      <Text
        style={
          {
            "color": "#fff",
            "fontSize": 16,
            "fontWeight": "bold",
          }
        }
      >
        screens.home.signUp
      </Text>
    </View>
  </View>
  <View
    style={
      {
        "gap": 16,
        "padding": 10,
      }
    }
  >
    <View
      style={
        {
          "alignItems": "center",
          "flexDirection": "row",
          "gap": 25,
          "justifyContent": "center",
          "paddingBottom": 20,
        }
      }
    >
      <View
        accessibilityState={
          {
            "busy": undefined,
            "checked": undefined,
            "disabled": undefined,
            "expanded": undefined,
            "selected": undefined,
          }
        }
        accessibilityValue={
          {
            "max": undefined,
            "min": undefined,
            "now": undefined,
            "text": undefined,
          }
        }
        accessible={true}
        collapsable={false}
        focusable={true}
        onClick={[Function]}
        onResponderGrant={[Function]}
        onResponderMove={[Function]}
        onResponderRelease={[Function]}
        onResponderTerminate={[Function]}
        onResponderTerminationRequest={[Function]}
        onStartShouldSetResponder={[Function]}
        style={
          {
            "opacity": 1,
          }
        }
      >
        <Text
          style={
            {
              "fontSize": 32,
              "fontWeight": "bold",
            }
          }
        >
          ðŸ‡ªðŸ‡¸
        </Text>
      </View>
      <View
        accessibilityState={
          {
            "busy": undefined,
            "checked": undefined,
            "disabled": undefined,
            "expanded": undefined,
            "selected": undefined,
          }
        }
        accessibilityValue={
          {
            "max": undefined,
            "min": undefined,
            "now": undefined,
            "text": undefined,
          }
        }
        accessible={true}
        collapsable={false}
        focusable={true}
        onClick={[Function]}
        onResponderGrant={[Function]}
        onResponderMove={[Function]}
        onResponderRelease={[Function]}
        onResponderTerminate={[Function]}
        onResponderTerminationRequest={[Function]}
        onStartShouldSetResponder={[Function]}
        style={
          {
            "opacity": 1,
          }
        }
      >
        <Text
          style={
            {
              "fontSize": 32,
              "fontWeight": "bold",
            }
          }
        >
          ðŸ‡¬ðŸ‡§
        </Text>
      </View>
    </View>
  </View>
</RNCSafeAreaView>
`;
